{
  "fit_model": false,
  "fit_scaler": false,
  "fold_id": "outer_logo_6022",
  "generated_predictions": false,
  "loaded_dino": false,
  "loaded_image_tensors": false,
  "manifest_errors": [],
  "manifest_valid": true,
  "protocol_hash": "143ef5de1b7e3cc553a3d925b32a75e7875c8cccfbac25a202d59f841a89c945",
  "registry_hash": "21cb4e7bdb5f0a57e4cfb66956d2063cd703f35c44638453ebdfa5ac47653256",
  "run_id": "run_d4c1159ed570f1f21f239e2e",
  "split_hash": "705f62f6eec27506f596b6dbe305f47bb6f8b500c9a0a91f29b2f64cd286d13f",
  "status": "ok",
  "test_sample_ids": [
    "6022"
  ],
  "train_sample_ids": [
    "6028",
    "6029",
    "6033",
    "6047",
    "6048",
    "6056",
    "6057",
    "6062",
    "6063",
    "6070",
    "6072",
    "6078",
    "6080",
    "6081",
    "6082",
    "6084",
    "6085",
    "6090",
    "6094",
    "6095",
    "6099",
    "6101"
  ],
  "wrote_checkpoint": false
}
