[01/23] held=6022 fit=22 runtime=6.9s
[02/23] held=6028 fit=22 runtime=6.4s
[03/23] held=6029 fit=22 runtime=6.4s
[04/23] held=6033 fit=22 runtime=6.1s
[05/23] held=6047 fit=22 runtime=5.8s
[06/23] held=6048 fit=22 runtime=5.7s
[07/23] held=6056 fit=22 runtime=5.7s
[08/23] held=6057 fit=22 runtime=6.3s
[09/23] held=6062 fit=22 runtime=5.7s
[10/23] held=6063 fit=22 runtime=5.8s
[11/23] held=6070 fit=22 runtime=5.9s
[12/23] held=6072 fit=22 runtime=5.7s
[13/23] held=6078 fit=22 runtime=5.9s
[14/23] held=6080 fit=22 runtime=6.1s
[15/23] held=6081 fit=22 runtime=6.2s
[16/23] held=6082 fit=22 runtime=5.9s
[17/23] held=6084 fit=22 runtime=5.9s
[18/23] held=6085 fit=22 runtime=5.9s
[19/23] held=6090 fit=22 runtime=6.1s
[20/23] held=6094 fit=22 runtime=5.6s
[21/23] held=6095 fit=22 runtime=5.9s
[22/23] held=6099 fit=22 runtime=5.8s
[23/23] held=6101 fit=22 runtime=6.1s
{
  "experiment_id": "20260729_m14i_m12a_auto_input_full23_loo_v1",
  "mode": "full23_loo",
  "protocol": "retrospective nested leave-one-growth-out over the fixed harmonized 23-growth cohort",
  "outer_growth_group_count": 23,
  "full_available_growth_group_count": 23,
  "outer_fit_growth_count": 22,
  "growth_run_ids": [
    "6022",
    "6028",
    "6029",
    "6033",
    "6047",
    "6048",
    "6056",
    "6057",
    "6062",
    "6063",
    "6070",
    "6072",
    "6078",
    "6080",
    "6081",
    "6082",
    "6084",
    "6085",
    "6090",
    "6094",
    "6095",
    "6099",
    "6101"
  ],
  "source_split_provenance": {
    "6022": "val",
    "6028": "train",
    "6029": "train",
    "6033": "test",
    "6047": "train",
    "6048": "train",
    "6056": "val",
    "6057": "train",
    "6062": "train",
    "6063": "train",
    "6070": "train",
    "6072": "train",
    "6078": "train",
    "6080": "val",
    "6081": "test",
    "6082": "train",
    "6084": "train",
    "6085": "train",
    "6090": "train",
    "6094": "test",
    "6095": "train",
    "6099": "test",
    "6101": "test"
  },
  "explicitly_excluded_growths": [
    "6043",
    "6055"
  ],
  "selected_method": "M12a_edge_preserving_terrace",
  "target_prediction_method": "M14i_target_specific_robust",
  "external_target_prediction_files": {
    "Rq_nm": {
      "path": "reports/rheed_manual_vs_auto_selection/20260729_m14i_human_vs_auto_full23_v1/machine_rq_selected_predictions.csv",
      "sha256": "dbf3d93329da96e983c0d071b6f7db000cf9f9124e46c8c334c724420d3553dd"
    },
    "FSMI_nm": {
      "path": "reports/rheed_manual_vs_auto_selection/20260729_m14i_human_vs_auto_full23_v1/machine_fsmi_selected_predictions.csv",
      "sha256": "2b32c6df12d819b8ba34351ef41232468482b1fd43d638e68520f30e9b17aa89"
    }
  },
  "selected_method_frozen_before_full23_run": true,
  "retrieval_at_inference": false,
  "measured_afm_patch_used_at_inference": false,
  "all_outer_fold_leakage_checks_passed": true,
  "removelist_sha256": "8fe844f8c8c9ab6e457b8b9ebbd4e80284b784f80bbfd9602a315c9a5cd7fe3b",
  "target_prediction_summary": [
    {
      "target": "Rq_nm",
      "group_count": 23,
      "mean_absolute_error": 1.5362516671234803,
      "median_absolute_error": 1.12751288549474,
      "rmse": 2.1220098775189906,
      "pearson_r": 0.5364647709211228,
      "pearson_pvalue": 0.008315099968684975,
      "spearman_rho": 0.46936758893280633,
      "spearman_pvalue": 0.023848867774015573,
      "true_min": 1.2270276091477796,
      "true_max": 10.32143783569336,
      "predicted_min": 1.8778340148973276,
      "predicted_max": 4.511730838249136,
      "standard_deviation_ratio": 0.2935729325312484,
      "interval_coverage": 0.8260869565217391
    },
    {
      "target": "FSMI_nm",
      "group_count": 23,
      "mean_absolute_error": 1.624748908608733,
      "median_absolute_error": 1.0578906005151132,
      "rmse": 2.2930438170522147,
      "pearson_r": -0.1296015154677214,
      "pearson_pvalue": 0.5556062710232301,
      "spearman_rho": -0.208498023715415,
      "spearman_pvalue": 0.33972534783847697,
      "true_min": 0.8380821497217993,
      "true_max": 9.324230493376987,
      "predicted_min": 1.4015996563011697,
      "predicted_max": 3.71573012765061,
      "standard_deviation_ratio": 0.30015935832564955,
      "interval_coverage": 0.8695652173913043
    }
  ],
  "confidence": {
    "method": "M12a_edge_preserving_terrace",
    "joint_confidence_vs_realized_error_spearman": 0.12106957538687009,
    "joint_confidence_vs_realized_error_pvalue": 0.5821269196758989,
    "rq_expected_error_vs_realized_error_spearman": -0.06126482213438736,
    "fsmi_expected_error_vs_realized_error_spearman": 0.0691699604743083,
    "morphology_expected_error_vs_realized_error_spearman": -0.3438735177865613,
    "rq_90_interval_coverage": 0.8260869565217391,
    "fsmi_90_interval_coverage": 0.8695652173913043,
    "morphology_90_upper_coverage": 0.9130434782608695,
    "confidence_is_probability": false,
    "confidence_definition": "Smoothed survival percentile of equal-weight ranks of strictly cross-fitted expected FSMI and island-topology errors. FSMI already contains height amplitude, so Rq is not double-counted."
  },
  "method_summary": [
    {
      "method": "M10_dense_island_spectral_pareto",
      "growth_group_count_standard": 23,
      "median_cross_validation_fold_standard": 11.0,
      "mean_cross_validation_fold_standard": 11.0,
      "median_true_rq_nm": 3.125662326812744,
      "mean_true_rq_nm": 3.8191657921542292,
      "median_generated_rq_nm": 3.277035633330421,
      "mean_generated_rq_nm": 3.286771071382835,
      "median_rq_absolute_error_nm": 1.127493748234898,
      "mean_rq_absolute_error_nm": 1.5098975932172165,
      "median_condition_descriptor_mae_z": 0.6775085926055908,
      "mean_condition_descriptor_mae_z": 0.8341930456783461,
      "median_generated_pairwise_l1": 1.1294167637825012,
      "mean_generated_pairwise_l1": 1.1257886808851492,
      "median_real_pairwise_l1": 1.1030480861663818,
      "mean_real_pairwise_l1": 1.0711217846559442,
      "median_diversity_ratio": 1.0296180562535244,
      "mean_diversity_ratio": 1.056028386599524,
      "median_unit_l1": 1.12575101852417,
      "mean_unit_l1": 1.128698468208313,
      "median_unit_rmse": 1.4251139163970947,
      "mean_unit_rmse": 1.4214152097702026,
      "median_ssim": 0.008014499751862926,
      "mean_ssim": 0.007060469706462989,
      "median_gradient_mae": 37.31501193137901,
      "mean_gradient_mae": 35.86030025791064,
      "median_physical_ra_error_nm": 0.05752632545461589,
      "mean_physical_ra_error_nm": 0.10067767055832658,
      "median_physical_robust_height_range_error_nm": 0.7868593454360973,
      "mean_physical_robust_height_range_error_nm": 1.5474499355191775,
      "median_physical_histogram_wasserstein_nm": 0.24966293398453576,
      "mean_physical_histogram_wasserstein_nm": 0.4231625543005504,
      "median_reconstructed_rq_nm": 3.1256592657403135,
      "mean_reconstructed_rq_nm": 3.819162034273163,
      "median_rq_architectural_consistency_error_nm": 3.0610724306434633e-06,
      "mean_rq_architectural_consistency_error_nm": 3.7578810663434394e-06,
      "median_normalized_psd_log_distance": 0.968073529188818,
      "mean_normalized_psd_log_distance": 0.9780560396003999,
      "median_psd_low_band_error": 0.001674202958372062,
      "mean_psd_low_band_error": 0.0024916906302490348,
      "median_psd_mid_band_error": 0.001611467604894396,
      "mean_psd_mid_band_error": 0.002403175324392956,
      "median_psd_high_band_error": 6.12074768848496e-05,
      "mean_psd_high_band_error": 8.851530585612957e-05,
      "median_psd_slope_error": 0.25920028877641244,
      "mean_psd_slope_error": 0.26355626640186375,
      "median_correlation_length_abs_error_nm": 31.496062992125985,
      "mean_correlation_length_abs_error_nm": 47.92879150975693,
      "median_correlation_length_relative_error": 0.6666666666666666,
      "mean_correlation_length_relative_error": 0.7345452548451049,
      "median_anisotropy_error": 0.16666666666666674,
      "mean_anisotropy_error": 0.5686797121007647,
      "median_skewness_error": 0.3553341720102354,
      "mean_skewness_error": 0.4149758134043206,
      "median_kurtosis_error": 0.5142374275069503,
      "mean_kurtosis_error": 0.660032332334811,
      "median_height_quantile_error": 0.1480297861461128,
      "mean_height_quantile_error": 0.16738537817348878,
      "median_ra_rq_error": 0.02131681576682598,
      "mean_ra_rq_error": 0.022197070362995796,
      "median_physical_psd_distance": 0.968073529188818,
      "mean_physical_psd_distance": 0.9780560396003999,
      "median_physical_correlation_length_error_nm": 31.496062992125985,
      "mean_physical_correlation_length_error_nm": 47.92879150975693,
      "median_ssim_penalty": 0.991985500248137,
      "mean_ssim_penalty": 0.992939530293537,
      "median_composite_score": 8.002086048982457,
      "mean_composite_score": 7.773514936928901,
      "median_nearest_training_l1": 1.0486845970153809,
      "mean_nearest_training_l1": 1.0397686569587044,
      "median_max_training_ssim": 0.0383566860845094,
      "mean_max_training_ssim": 0.0395673063385913,
      "median_exact_training_pixel_equality": 0.0,
      "mean_exact_training_pixel_equality": 0.0,
      "median_generated_mean_gradient": 0.2632584720849991,
      "mean_generated_mean_gradient": 0.26130347407382465,
      "median_real_mean_gradient": 0.33288364112377167,
      "mean_real_mean_gradient": 0.3197294703644255,
      "median_mean_gradient_relative_error": 0.2796708271011784,
      "mean_mean_gradient_relative_error": 0.33327289144728345,
      "median_generated_rms_gradient": 0.32400141656398773,
      "mean_generated_rms_gradient": 0.3203004222849141,
      "median_real_rms_gradient": 0.42805883288383484,
      "mean_real_rms_gradient": 0.4119547832271327,
      "median_rms_gradient_relative_error": 0.28535677131085674,
      "mean_rms_gradient_relative_error": 0.34591900014164984,
      "median_generated_laplacian_rms": 0.31103771924972534,
      "mean_generated_laplacian_rms": 0.3204413645941278,
      "median_real_laplacian_rms": 0.4954598546028137,
      "mean_real_laplacian_rms": 0.5197454969520154,
      "median_laplacian_rms_relative_error": 0.3988094547825827,
      "mean_laplacian_rms_relative_error": 0.3650351025737496,
      "median_generated_edge_energy_ratio": 0.9905644059181213,
      "mean_generated_edge_energy_ratio": 0.9888775115427764,
      "median_real_edge_energy_ratio": 1.025087594985962,
      "mean_real_edge_energy_ratio": 1.0351542040057804,
      "median_edge_energy_ratio_relative_error": 0.04766241383850067,
      "mean_edge_energy_ratio_relative_error": 0.06044606471749749,
      "median_generated_wrap_discontinuity_ratio": 0.9741328358650208,
      "mean_generated_wrap_discontinuity_ratio": 0.9918096195096555,
      "median_real_wrap_discontinuity_ratio": 5.327197074890137,
      "mean_real_wrap_discontinuity_ratio": 5.988956990449325,
      "median_wrap_discontinuity_ratio_relative_error": 0.8154921384572881,
      "mean_wrap_discontinuity_ratio_relative_error": 0.8080499018543271,
      "median_generated_high_psd_fraction": 3.3333896767132816e-05,
      "mean_generated_high_psd_fraction": 3.6712001210888584e-05,
      "median_real_high_psd_fraction": 8.534350720412351e-05,
      "mean_real_high_psd_fraction": 0.00011986842078145747,
      "median_high_psd_fraction_relative_error": 0.695155890740986,
      "mean_high_psd_fraction_relative_error": 0.6342163126085189,
      "median_generated_robust_height_range": 4.645525035262107,
      "mean_generated_robust_height_range": 4.626466310102007,
      "median_real_robust_height_range": 4.799068752527237,
      "mean_real_robust_height_range": 4.689480199399202,
      "median_robust_height_range_relative_error": 0.042783092184423555,
      "mean_robust_height_range_relative_error": 0.05922392671430535,
      "median_generated_skewness": -0.027097088035923884,
      "mean_generated_skewness": 0.007660781931935195,
      "median_real_skewness": 0.03540311670489785,
      "mean_real_skewness": -0.07448481795643205,
      "median_skewness_relative_error": 0.9254753652563407,
      "mean_skewness_relative_error": 0.9496107993332419,
      "median_generated_kurtosis": 2.994526105105849,
      "mean_generated_kurtosis": 2.9553361507066565,
      "median_real_kurtosis": 3.432365839864702,
      "mean_real_kurtosis": 3.4490926545361655,
      "median_kurtosis_relative_error": 0.13623509491169702,
      "mean_kurtosis_relative_error": 0.16841674283025745,
      "median_sharpness_ratio": 0.7836725230224896,
      "mean_sharpness_ratio": 0.9201276832363251,
      "median_afm_texture_gate_pass": 1.0,
      "mean_afm_texture_gate_pass": 0.7391304347826086,
      "texture_gate_pass_fraction": 0.7391304347826086,
      "growth_group_count_island": 23,
      "median_cross_validation_fold_island": 11.0,
      "mean_cross_validation_fold_island": 11.0,
      "median_island_feature_mae_z": 1.0334680630392243,
      "mean_island_feature_mae_z": 1.1918067051070746,
      "median_island_feature_rmse_z": 1.2156793403164066,
      "mean_island_feature_rmse_z": 1.454047626550438,
      "median_afm_prior_mahalanobis": 3.2426836848577754,
      "mean_afm_prior_mahalanobis": 3.3139281176176523,
      "median_held_real_afm_prior_mahalanobis": 2.3446772777709692,
      "mean_held_real_afm_prior_mahalanobis": 4.00285535070953,
      "median_afm_likeness_percentile": 26.08695652173913,
      "mean_afm_likeness_percentile": 31.37996219281664,
      "median_held_real_likeness_percentile": 52.17391304347826,
      "mean_held_real_likeness_percentile": 51.039697542533084,
      "median_boundary_ratio_q70_absolute_error": 0.18276280164718628,
      "mean_boundary_ratio_q70_absolute_error": 0.20041403822276904,
      "median_median_area_q70_log_absolute_error": 0.6819159893052786,
      "mean_median_area_q70_log_absolute_error": 0.7113108296737762,
      "median_component_count_q70_log_absolute_error": 0.6025069644171737,
      "mean_component_count_q70_log_absolute_error": 0.6522952369164072,
      "median_generated__log_component_count_q55": 2.1910133173369406,
      "mean_generated__log_component_count_q55": 2.1805874676281745,
      "median_true__log_component_count_q55": 2.6390573296152584,
      "mean_true__log_component_count_q55": 2.5481559363620647,
      "median_generated__log_component_count_q70": 2.668769039850659,
      "mean_generated__log_component_count_q70": 2.652116080759029,
      "median_true__log_component_count_q70": 3.0699422761131276,
      "mean_true__log_component_count_q70": 2.9809990923916874,
      "median_generated__log_component_count_q82": 2.8617925509761903,
      "mean_generated__log_component_count_q82": 2.8382356891307787,
      "median_true__log_component_count_q82": 3.044522437723423,
      "mean_true__log_component_count_q82": 2.924305880238257,
      "median_generated__log_median_area_q55": 3.425592463746871,
      "mean_generated__log_median_area_q55": 3.496785211794257,
      "median_true__log_median_area_q55": 4.526784798013117,
      "mean_true__log_median_area_q55": 4.293071379643935,
      "median_generated__log_median_area_q70": 3.673005104956646,
      "mean_generated__log_median_area_q70": 3.6244974955594516,
      "median_true__log_median_area_q70": 4.335300369022775,
      "mean_true__log_median_area_q70": 4.212164722294084,
      "median_generated__log_median_area_q82": 3.6140127705135345,
      "mean_generated__log_median_area_q82": 3.668120081961098,
      "median_true__log_median_area_q82": 3.8918202981106265,
      "mean_true__log_median_area_q82": 3.8687969219580056,
      "median_generated__median_solidity_q70": 0.9029646075486484,
      "mean_generated__median_solidity_q70": 0.9003957385492546,
      "median_true__median_solidity_q70": 0.8942761824406233,
      "mean_true__median_solidity_q70": 0.8743390231297541,
      "median_generated__median_eccentricity_q70": 0.7817668739535419,
      "mean_generated__median_eccentricity_q70": 0.7800475047205631,
      "median_true__median_eccentricity_q70": 0.8057907182954336,
      "mean_true__median_eccentricity_q70": 0.778938939745811,
      "median_generated__boundary_gradient_ratio_q55": 1.4525201320648193,
      "mean_generated__boundary_gradient_ratio_q55": 1.4509136521297952,
      "median_true__boundary_gradient_ratio_q55": 1.3115015625953674,
      "mean_true__boundary_gradient_ratio_q55": 1.321039495260819,
      "median_generated__boundary_gradient_ratio_q70": 1.4017654061317444,
      "mean_generated__boundary_gradient_ratio_q70": 1.4209990371828494,
      "median_true__boundary_gradient_ratio_q70": 1.2428149580955505,
      "mean_true__boundary_gradient_ratio_q70": 1.2461208519728288,
      "median_generated__boundary_gradient_ratio_q82": 1.374738872051239,
      "mean_generated__boundary_gradient_ratio_q82": 1.3881305222925933,
      "median_true__boundary_gradient_ratio_q82": 1.1834946870803833,
      "mean_true__boundary_gradient_ratio_q82": 1.212196153143178,
      "median_generated__log_valley_component_count_q18": 2.8029010331479984,
      "mean_generated__log_valley_component_count_q18": 2.8239242739434,
      "median_true__log_valley_component_count_q18": 3.5553480614894135,
      "mean_true__log_valley_component_count_q18": 3.3202060695302578,
      "median_generated__log_valley_median_area_q18": 3.6131045050503356,
      "mean_generated__log_valley_median_area_q18": 3.64783605294441,
      "median_true__log_valley_median_area_q18": 3.4965075614664802,
      "mean_true__log_valley_median_area_q18": 3.4795025771319357,
      "median_generated__gradient_p90": 0.4386337995529175,
      "mean_generated__gradient_p90": 0.4369992574919825,
      "median_true__gradient_p90": 0.5832881927490234,
      "mean_true__gradient_p90": 0.5540496117394903,
      "median_generated__laplacian_rms": 0.17708104103803635,
      "mean_generated__laplacian_rms": 0.17592090497846188,
      "median_true__laplacian_rms": 0.24879813194274902,
      "mean_true__laplacian_rms": 0.2451898578716361,
      "median_generated__flat_fraction": 0.126708984375,
      "mean_generated__flat_fraction": 0.12605351987092392,
      "median_true__flat_fraction": 0.12054443359375,
      "mean_true__flat_fraction": 0.15580285113790762,
      "growth_group_count": 23,
      "median_true_fsmi_nm": 2.619825980056949,
      "mean_true_fsmi_nm": 3.1714617720371585,
      "median_generated_sq_nm": 3.2770311708835775,
      "mean_generated_sq_nm": 3.2867665643019923,
      "median_generated_sa_nm": 2.61950719107249,
      "mean_generated_sa_nm": 2.6238500647003278,
      "median_generated_analysis_scale_nm": 31.496062992125985,
      "mean_generated_analysis_scale_nm": 31.496062992125985,
      "median_generated_height_increment_rms_31nm": 2.485586863325035,
      "mean_generated_height_increment_rms_31nm": 2.5021836559110278,
      "median_generated_scale_dependent_rms_slope_31nm": 0.07891738291056986,
      "mean_generated_scale_dependent_rms_slope_31nm": 0.07944433107517511,
      "median_generated_curvature_relief_31nm": 1.6781080450239345,
      "mean_generated_curvature_relief_31nm": 1.7102620312781436,
      "median_generated_scale_dependent_rms_curvature_31nm_inv": 0.00338327558227388,
      "mean_generated_scale_dependent_rms_curvature_31nm_inv": 0.0034481020378106463,
      "median_generated_sdq_31nm": 0.08224778692224488,
      "mean_generated_sdq_31nm": 0.0819874478894843,
      "median_generated_sdr_31nm_percent": 0.3368280252229708,
      "mean_generated_sdr_31nm_percent": 0.3486262938567647,
      "median_generated_bearing_core_span_p90_p10_nm": 8.471192416917045,
      "mean_generated_bearing_core_span_p90_p10_nm": 8.449688369656553,
      "median_generated_bearing_peak_span_p99_p90_nm": 3.3155758865908718,
      "mean_generated_bearing_peak_span_p99_p90_nm": 3.3562639174839632,
      "median_generated_bearing_valley_span_p10_p01_nm": 3.107809676114897,
      "mean_generated_bearing_valley_span_p10_p01_nm": 3.2888175146711047,
      "median_generated_bearing_core_equivalent_nm": 2.1177981042292613,
      "mean_generated_bearing_core_equivalent_nm": 2.112422092414138,
      "median_generated_island_prominence_nm": 2.3916839307093674,
      "mean_generated_island_prominence_nm": 2.40646618762717,
      "median_generated_island_median_area_nm2": 2449.0048980097963,
      "mean_generated_island_median_area_nm2": 2397.113489879154,
      "median_generated_island_count_per_um2": 13.5,
      "mean_generated_island_count_per_um2": 13.521739130434783,
      "median_generated_island_boundary_contrast": 1.3639879315009737,
      "mean_generated_island_boundary_contrast": 1.3605066740105551,
      "median_generated_functional_surface_morphology_index_nm": 2.495504850648154,
      "mean_generated_functional_surface_morphology_index_nm": 2.459619647144301,
      "median_fsmi_absolute_error_nm": 0.8195388477856662,
      "mean_fsmi_absolute_error_nm": 1.3588246979661158
    },
    {
      "method": "M12a_edge_preserving_terrace",
      "growth_group_count_standard": 23,
      "median_cross_validation_fold_standard": 11.0,
      "mean_cross_validation_fold_standard": 11.0,
      "median_true_rq_nm": 3.125662326812744,
      "mean_true_rq_nm": 3.8191657921542292,
      "median_generated_rq_nm": 3.277035633330421,
      "mean_generated_rq_nm": 3.286771071382835,
      "median_rq_absolute_error_nm": 1.127493748234898,
      "mean_rq_absolute_error_nm": 1.5098975932172165,
      "median_condition_descriptor_mae_z": 0.9719018936157227,
      "mean_condition_descriptor_mae_z": 1.112316784651383,
      "median_generated_pairwise_l1": 1.1509782075881958,
      "mean_generated_pairwise_l1": 1.1400322058926458,
      "median_real_pairwise_l1": 1.1030480861663818,
      "mean_real_pairwise_l1": 1.0711217846559442,
      "median_diversity_ratio": 1.0488427475471083,
      "mean_diversity_ratio": 1.0695346258383103,
      "median_unit_l1": 1.1350791454315186,
      "mean_unit_l1": 1.130786278973455,
      "median_unit_rmse": 1.4146078824996948,
      "mean_unit_rmse": 1.4105116595392642,
      "median_ssim": 0.008517546635652342,
      "mean_ssim": 0.010053902927660164,
      "median_gradient_mae": 35.921335027725014,
      "mean_gradient_mae": 35.18887844205219,
      "median_physical_ra_error_nm": 0.1071183983457793,
      "mean_physical_ra_error_nm": 0.16732649287792425,
      "median_physical_robust_height_range_error_nm": 1.5618154191970834,
      "mean_physical_robust_height_range_error_nm": 2.0042962898378787,
      "median_physical_histogram_wasserstein_nm": 0.36344667777290973,
      "mean_physical_histogram_wasserstein_nm": 0.5463176137869903,
      "median_reconstructed_rq_nm": 3.125659235728634,
      "mean_reconstructed_rq_nm": 3.819161990955447,
      "median_rq_architectural_consistency_error_nm": 3.033478952474411e-06,
      "mean_rq_architectural_consistency_error_nm": 3.8011987832062157e-06,
      "median_normalized_psd_log_distance": 1.1041160155817435,
      "mean_normalized_psd_log_distance": 1.226562161636603,
      "median_psd_low_band_error": 0.001746123110635267,
      "mean_psd_low_band_error": 0.002671775103290231,
      "median_psd_mid_band_error": 0.0016824753657308602,
      "mean_psd_mid_band_error": 0.0025698726686803415,
      "median_psd_high_band_error": 6.364774490418535e-05,
      "mean_psd_high_band_error": 0.00010190243460987099,
      "median_psd_slope_error": 0.2454564706560154,
      "mean_psd_slope_error": 0.33018181241630346,
      "median_correlation_length_abs_error_nm": 31.496062992125985,
      "mean_correlation_length_abs_error_nm": 46.55939746662102,
      "median_correlation_length_relative_error": 0.6896551724137931,
      "mean_correlation_length_relative_error": 0.6987349853766646,
      "median_anisotropy_error": 0.125,
      "mean_anisotropy_error": 0.5362435492298192,
      "median_skewness_error": 0.3598112668553881,
      "mean_skewness_error": 0.44082902480379377,
      "median_kurtosis_error": 1.0361024504057519,
      "mean_kurtosis_error": 1.1222658089794413,
      "median_height_quantile_error": 0.18798777765461372,
      "mean_height_quantile_error": 0.20840502767158406,
      "median_ra_rq_error": 0.046547803840357393,
      "mean_ra_rq_error": 0.04731558221811585,
      "median_physical_psd_distance": 1.1041160155817435,
      "mean_physical_psd_distance": 1.226562161636603,
      "median_physical_correlation_length_error_nm": 31.496062992125985,
      "mean_physical_correlation_length_error_nm": 46.55939746662102,
      "median_ssim_penalty": 0.9914824533643477,
      "mean_ssim_penalty": 0.9899460970723398,
      "median_composite_score": 7.785771499606972,
      "mean_composite_score": 7.7106834471035555,
      "median_nearest_training_l1": 1.051396131515503,
      "mean_nearest_training_l1": 1.0425057722174602,
      "median_max_training_ssim": 0.0418541259110558,
      "mean_max_training_ssim": 0.04296828331316421,
      "median_exact_training_pixel_equality": 0.0,
      "mean_exact_training_pixel_equality": 0.0,
      "median_generated_mean_gradient": 0.23830582201480865,
      "mean_generated_mean_gradient": 0.23698375471260236,
      "median_real_mean_gradient": 0.33288364112377167,
      "mean_real_mean_gradient": 0.3197294703644255,
      "median_mean_gradient_relative_error": 0.3120889137656655,
      "mean_mean_gradient_relative_error": 0.35948325016364147,
      "median_generated_rms_gradient": 0.3142017126083374,
      "mean_generated_rms_gradient": 0.3130287780709889,
      "median_real_rms_gradient": 0.42805883288383484,
      "mean_real_rms_gradient": 0.4119547832271327,
      "median_rms_gradient_relative_error": 0.27709047418980115,
      "mean_rms_gradient_relative_error": 0.350974930175565,
      "median_generated_laplacian_rms": 0.27025675773620605,
      "mean_generated_laplacian_rms": 0.26906568783780804,
      "median_real_laplacian_rms": 0.4954598546028137,
      "mean_real_laplacian_rms": 0.5197454969520154,
      "median_laplacian_rms_relative_error": 0.4538050652513076,
      "mean_laplacian_rms_relative_error": 0.4440188916731348,
      "median_generated_edge_energy_ratio": 0.976930171251297,
      "mean_generated_edge_energy_ratio": 0.9832472386567489,
      "median_real_edge_energy_ratio": 1.025087594985962,
      "mean_real_edge_energy_ratio": 1.0351542040057804,
      "median_edge_energy_ratio_relative_error": 0.05006228415938232,
      "mean_edge_energy_ratio_relative_error": 0.06457001343608156,
      "median_generated_wrap_discontinuity_ratio": 1.0518010258674622,
      "mean_generated_wrap_discontinuity_ratio": 1.0651279493518497,
      "median_real_wrap_discontinuity_ratio": 5.327197074890137,
      "mean_real_wrap_discontinuity_ratio": 5.988956990449325,
      "median_wrap_discontinuity_ratio_relative_error": 0.796989198274755,
      "mean_wrap_discontinuity_ratio_relative_error": 0.794775297654981,
      "median_generated_high_psd_fraction": 2.0158968712179143e-05,
      "mean_generated_high_psd_fraction": 1.9992605825221204e-05,
      "median_real_high_psd_fraction": 8.534350720412351e-05,
      "mean_real_high_psd_fraction": 0.00011986842078145747,
      "median_high_psd_fraction_relative_error": 0.755163950799104,
      "mean_high_psd_fraction_relative_error": 0.7282128865005325,
      "median_generated_robust_height_range": 4.182394967675209,
      "mean_generated_robust_height_range": 4.17816061856954,
      "median_real_robust_height_range": 4.799068752527237,
      "mean_real_robust_height_range": 4.689480199399202,
      "median_robust_height_range_relative_error": 0.11834872423852019,
      "mean_robust_height_range_relative_error": 0.11961184571149054,
      "median_generated_skewness": 0.2130719319368334,
      "mean_generated_skewness": 0.206698732406655,
      "median_real_skewness": 0.03540311670489785,
      "mean_real_skewness": -0.07448481795643205,
      "median_skewness_relative_error": 1.0905129541638232,
      "mean_skewness_relative_error": 1.3702612261273783,
      "median_generated_kurtosis": 2.4260776387131786,
      "mean_generated_kurtosis": 2.39731152086258,
      "median_real_kurtosis": 3.432365839864702,
      "mean_real_kurtosis": 3.4490926545361655,
      "median_kurtosis_relative_error": 0.2860977525902454,
      "mean_kurtosis_relative_error": 0.300242469939231,
      "median_sharpness_ratio": 0.7127913977428765,
      "mean_sharpness_ratio": 0.8331206482765304,
      "median_afm_texture_gate_pass": 1.0,
      "mean_afm_texture_gate_pass": 0.6086956521739131,
      "texture_gate_pass_fraction": 0.6086956521739131,
      "growth_group_count_island": 23,
      "median_cross_validation_fold_island": 11.0,
      "mean_cross_validation_fold_island": 11.0,
      "median_island_feature_mae_z": 1.5333684915535608,
      "mean_island_feature_mae_z": 1.6680594602417735,
      "median_island_feature_rmse_z": 2.1956224300840397,
      "mean_island_feature_rmse_z": 2.34110260932562,
      "median_afm_prior_mahalanobis": 6.620837005163676,
      "mean_afm_prior_mahalanobis": 6.7982062293317504,
      "median_held_real_afm_prior_mahalanobis": 2.3446772777709692,
      "mean_held_real_afm_prior_mahalanobis": 4.00285535070953,
      "median_afm_likeness_percentile": 8.695652173913043,
      "mean_afm_likeness_percentile": 9.640831758034023,
      "median_held_real_likeness_percentile": 52.17391304347826,
      "mean_held_real_likeness_percentile": 51.039697542533084,
      "median_boundary_ratio_q70_absolute_error": 0.4890260696411133,
      "mean_boundary_ratio_q70_absolute_error": 0.4999732634295588,
      "median_median_area_q70_log_absolute_error": 0.4306242735034025,
      "mean_median_area_q70_log_absolute_error": 0.5303937625350289,
      "median_component_count_q70_log_absolute_error": 0.6286086594223743,
      "mean_component_count_q70_log_absolute_error": 0.6888525370378821,
      "median_generated__log_component_count_q55": 1.9944920232821373,
      "mean_generated__log_component_count_q55": 2.002326615020484,
      "median_true__log_component_count_q55": 2.6390573296152584,
      "mean_true__log_component_count_q55": 2.5481559363620647,
      "median_generated__log_component_count_q70": 2.5249280036247685,
      "mean_generated__log_component_count_q70": 2.5127956703451813,
      "median_true__log_component_count_q70": 3.0699422761131276,
      "mean_true__log_component_count_q70": 2.9809990923916874,
      "median_generated__log_component_count_q82": 2.736135336835737,
      "mean_generated__log_component_count_q82": 2.723633882776486,
      "median_true__log_component_count_q82": 3.044522437723423,
      "mean_true__log_component_count_q82": 2.924305880238257,
      "median_generated__log_median_area_q55": 3.6762205501217915,
      "mean_generated__log_median_area_q55": 3.61743389873829,
      "median_true__log_median_area_q55": 4.526784798013117,
      "mean_true__log_median_area_q55": 4.293071379643935,
      "median_generated__log_median_area_q70": 3.853980765917745,
      "mean_generated__log_median_area_q70": 3.891255313794033,
      "median_true__log_median_area_q70": 4.335300369022775,
      "mean_true__log_median_area_q70": 4.212164722294084,
      "median_generated__log_median_area_q82": 3.9207464622300066,
      "mean_generated__log_median_area_q82": 3.8915554483728156,
      "median_true__log_median_area_q82": 3.8918202981106265,
      "mean_true__log_median_area_q82": 3.8687969219580056,
      "median_generated__median_solidity_q70": 0.9177927927927928,
      "mean_generated__median_solidity_q70": 0.9101234189236213,
      "median_true__median_solidity_q70": 0.8942761824406233,
      "mean_true__median_solidity_q70": 0.8743390231297541,
      "median_generated__median_eccentricity_q70": 0.7741712240156335,
      "mean_generated__median_eccentricity_q70": 0.7683167138300083,
      "median_true__median_eccentricity_q70": 0.8057907182954336,
      "mean_true__median_eccentricity_q70": 0.778938939745811,
      "median_generated__boundary_gradient_ratio_q55": 1.8387845754623413,
      "mean_generated__boundary_gradient_ratio_q55": 1.839870652426844,
      "median_true__boundary_gradient_ratio_q55": 1.3115015625953674,
      "mean_true__boundary_gradient_ratio_q55": 1.321039495260819,
      "median_generated__boundary_gradient_ratio_q70": 1.7571112513542175,
      "mean_generated__boundary_gradient_ratio_q70": 1.7460941154023875,
      "median_true__boundary_gradient_ratio_q70": 1.2428149580955505,
      "mean_true__boundary_gradient_ratio_q70": 1.2461208519728288,
      "median_generated__boundary_gradient_ratio_q82": 1.5379631519317627,
      "mean_generated__boundary_gradient_ratio_q82": 1.5379840472470159,
      "median_true__boundary_gradient_ratio_q82": 1.1834946870803833,
      "mean_true__boundary_gradient_ratio_q82": 1.212196153143178,
      "median_generated__log_valley_component_count_q18": 2.6990813507588767,
      "mean_generated__log_valley_component_count_q18": 2.697550083225305,
      "median_true__log_valley_component_count_q18": 3.5553480614894135,
      "mean_true__log_valley_component_count_q18": 3.3202060695302578,
      "median_generated__log_valley_median_area_q18": 3.844456668432398,
      "mean_generated__log_valley_median_area_q18": 3.838114205215176,
      "median_true__log_valley_median_area_q18": 3.4965075614664802,
      "mean_true__log_valley_median_area_q18": 3.4795025771319357,
      "median_generated__gradient_p90": 0.4565346837043762,
      "mean_generated__gradient_p90": 0.4568472044623416,
      "median_true__gradient_p90": 0.5832881927490234,
      "mean_true__gradient_p90": 0.5540496117394903,
      "median_generated__laplacian_rms": 0.1676790565252304,
      "mean_generated__laplacian_rms": 0.16668598224287448,
      "median_true__laplacian_rms": 0.24879813194274902,
      "mean_true__laplacian_rms": 0.2451898578716361,
      "median_generated__flat_fraction": 0.22296142578125,
      "mean_generated__flat_fraction": 0.22255142875339673,
      "median_true__flat_fraction": 0.12054443359375,
      "mean_true__flat_fraction": 0.15580285113790762,
      "growth_group_count": 23,
      "median_true_fsmi_nm": 2.619825980056949,
      "mean_true_fsmi_nm": 3.1714617720371585,
      "median_generated_sq_nm": 3.277031338342967,
      "mean_generated_sq_nm": 3.286766682668758,
      "median_generated_sa_nm": 2.721790069006581,
      "mean_generated_sa_nm": 2.732649133656623,
      "median_generated_analysis_scale_nm": 31.496062992125985,
      "mean_generated_analysis_scale_nm": 31.496062992125985,
      "median_generated_height_increment_rms_31nm": 2.517583135606662,
      "mean_generated_height_increment_rms_31nm": 2.498562823034406,
      "median_generated_scale_dependent_rms_slope_31nm": 0.0799332645555115,
      "mean_generated_scale_dependent_rms_slope_31nm": 0.07932936963134239,
      "median_generated_curvature_relief_31nm": 1.66781617454803,
      "mean_generated_curvature_relief_31nm": 1.6889786217617822,
      "median_generated_scale_dependent_rms_curvature_31nm_inv": 0.0033625258849106464,
      "mean_generated_scale_dependent_rms_curvature_31nm_inv": 0.003405192023799473,
      "median_generated_sdq_31nm": 0.08422665494661331,
      "mean_generated_sdq_31nm": 0.08275572261538094,
      "median_generated_sdr_31nm_percent": 0.3530914676878215,
      "mean_generated_sdr_31nm_percent": 0.3555458660032723,
      "median_generated_bearing_core_span_p90_p10_nm": 8.614202551039888,
      "mean_generated_bearing_core_span_p90_p10_nm": 8.678259016979705,
      "median_generated_bearing_peak_span_p99_p90_nm": 2.483224080644023,
      "mean_generated_bearing_peak_span_p99_p90_nm": 2.599553432876617,
      "median_generated_bearing_valley_span_p10_p01_nm": 2.3715797083698376,
      "mean_generated_bearing_valley_span_p10_p01_nm": 2.4060354745917967,
      "median_generated_bearing_core_equivalent_nm": 2.153550637759972,
      "mean_generated_bearing_core_equivalent_nm": 2.1695647542449263,
      "median_generated_island_prominence_nm": 2.961295621088939,
      "mean_generated_island_prominence_nm": 3.003707862677239,
      "median_generated_island_median_area_nm2": 2883.0057660115326,
      "mean_generated_island_median_area_nm2": 3193.68030040408,
      "median_generated_island_count_per_um2": 11.5,
      "mean_generated_island_count_per_um2": 11.521739130434783,
      "median_generated_island_boundary_contrast": 1.6365272489920204,
      "mean_generated_island_boundary_contrast": 1.64013713841169,
      "median_generated_functional_surface_morphology_index_nm": 2.5966096376561247,
      "mean_generated_functional_surface_morphology_index_nm": 2.5966261078958217,
      "median_fsmi_absolute_error_nm": 0.9434256168624138,
      "mean_fsmi_absolute_error_nm": 1.3495722563698904
    }
  ],
  "comparison_to_prior15_targets": [
    {
      "protocol": "prior_M12_strict15_train14",
      "target": "Rq_nm",
      "group_count": 15,
      "mean_absolute_error": 0.6635338818399001,
      "median_absolute_error": 0.28083708787561235,
      "rmse": 1.1942502343768837,
      "pearson_r": 0.8361138901590162,
      "pearson_pvalue": 0.00010291126451677489,
      "spearman_rho": 0.932142857142857,
      "spearman_pvalue": 4.2412182315433465e-07,
      "true_min": 1.470114827156067,
      "true_max": 9.867135047912596,
      "predicted_min": 1.4986408335193715,
      "predicted_max": 7.033225761753825,
      "standard_deviation_ratio": 0.7964294824886163,
      "interval_coverage": 0.8666666666666667
    },
    {
      "protocol": "prior_M12_strict15_train14",
      "target": "FSMI_nm",
      "group_count": 15,
      "mean_absolute_error": 0.7217547500785774,
      "median_absolute_error": 0.4165156904514773,
      "rmse": 1.1887576140645881,
      "pearson_r": 0.7647852632920831,
      "pearson_pvalue": 0.0008960587571186517,
      "spearman_rho": 0.8321428571428571,
      "spearman_pvalue": 0.00011902824493849783,
      "true_min": 1.4268805447108657,
      "true_max": 8.567125493610352,
      "predicted_min": 1.256021668381362,
      "predicted_max": 4.918527800167603,
      "standard_deviation_ratio": 0.6862812433154756,
      "interval_coverage": 0.9333333333333333
    },
    {
      "protocol": "new_M13_full23_train22_all23",
      "target": "Rq_nm",
      "group_count": 23,
      "mean_absolute_error": 1.5362516671234803,
      "median_absolute_error": 1.12751288549474,
      "rmse": 2.1220098775189906,
      "pearson_r": 0.5364647709211228,
      "pearson_pvalue": 0.008315099968684975,
      "spearman_rho": 0.46936758893280633,
      "spearman_pvalue": 0.023848867774015573,
      "true_min": 1.2270276091477796,
      "true_max": 10.32143783569336,
      "predicted_min": 1.8778340148973276,
      "predicted_max": 4.511730838249136,
      "standard_deviation_ratio": 0.2935729325312484,
      "interval_coverage": 0.8260869565217391
    },
    {
      "protocol": "new_M13_full23_train22_all23",
      "target": "FSMI_nm",
      "group_count": 23,
      "mean_absolute_error": 1.624748908608733,
      "median_absolute_error": 1.0578906005151132,
      "rmse": 2.2930438170522147,
      "pearson_r": -0.1296015154677214,
      "pearson_pvalue": 0.5556062710232301,
      "spearman_rho": -0.208498023715415,
      "spearman_pvalue": 0.33972534783847697,
      "true_min": 0.8380821497217993,
      "true_max": 9.324230493376987,
      "predicted_min": 1.4015996563011697,
      "predicted_max": 3.71573012765061,
      "standard_deviation_ratio": 0.30015935832564955,
      "interval_coverage": 0.8695652173913043
    },
    {
      "protocol": "new_M13_full23_train22_same15",
      "target": "Rq_nm",
      "group_count": 15,
      "mean_absolute_error": 1.477776097321025,
      "median_absolute_error": 1.248289563731069,
      "rmse": 1.9601626495610969,
      "pearson_r": 0.5534006570142314,
      "pearson_pvalue": 0.03235156028687433,
      "spearman_rho": 0.47857142857142854,
      "spearman_pvalue": 0.07113080825563314,
      "true_min": 1.470114827156067,
      "true_max": 9.867135047912596,
      "predicted_min": 2.2084807300658773,
      "predicted_max": 4.511730838249136,
      "standard_deviation_ratio": 0.2819674258724568,
      "interval_coverage": 0.8
    },
    {
      "protocol": "new_M13_full23_train22_same15",
      "target": "FSMI_nm",
      "group_count": 15,
      "mean_absolute_error": 1.411655962143668,
      "median_absolute_error": 1.0578906005151132,
      "rmse": 1.9947171840977336,
      "pearson_r": -0.06972691083192706,
      "pearson_pvalue": 0.8049680916211788,
      "spearman_rho": -0.125,
      "spearman_pvalue": 0.6571356681869506,
      "true_min": 1.4268805447108657,
      "true_max": 8.567125493610352,
      "predicted_min": 1.631985540278582,
      "predicted_max": 3.40703312994149,
      "standard_deviation_ratio": 0.3015150222120754,
      "interval_coverage": 0.8666666666666667
    }
  ],
  "runtime_seconds": 140.12844800949097,
  "claim_boundary": "Retrospective full-cohort cross-validation. Every displayed growth target, AFM texture model and island model is excluded from its own outer fit, but the M12a method family was developed using earlier partitions. This is not a prospective untouched test."
}
